Creating test database for alias 'default'...

E.
======================================================================
ERROR: services (unittest.loader._FailedTest.services)
----------------------------------------------------------------------
ImportError: Failed to import test module: services
Traceback (most recent call last):
  File "C:\Python314\Lib\unittest\loader.py", line 460, in _find_test_path
    package = self._get_module_from_name(name)
  File "C:\Python314\Lib\unittest\loader.py", line 367, in _get_module_from_name
    __import__(name)
    ~~~~~~~~~~^^^^^^
  File "C:\Users\Coding-Kimz\Desktop\New folder\Lifeline\backend\recruitment\services\__init__.py", line 2, in <module>
    from .base_publisher import BaseJobPublisher
  File "C:\Users\Coding-Kimz\Desktop\New folder\Lifeline\backend\recruitment\services\base_publisher.py", line 6, in <module>
    import requests
ModuleNotFoundError: No module named 'requests'


----------------------------------------------------------------------
Ran 2 tests in 0.037s

FAILED (errors=1)
Destroying test database for alias 'default'...

Found 2 test(s).
System check identified no issues (0 silenced).
